// Jest Snapshot v1, https://goo.gl/fbAQLP

exports[`Get countries Retrieves a single food item 1`] = `
Array [
  Object {
    "id": "1fc52423-eb83-4cd9-9fdd-b6f9cb323c37",
    "name": "UK",
    "regions": Array [
      Object {
        "code": "gbr",
        "latLng": Object {
          "lat": 50,
          "lng": 50,
        },
        "name": "UK",
      },
    ],
  },
  Object {
    "id": "d6e57673-eee8-444a-b7be-d9ab553052cf",
    "name": "Australia",
    "regions": Array [
      Object {
        "code": "aus-sydney",
        "latLng": Object {
          "lat": -50,
          "lng": -50,
        },
        "name": "Sydney",
      },
    ],
  },
]
`;
