// Jest Snapshot v1, https://goo.gl/fbAQLP

exports[`Get all seasons Returns a full list of season data 1`] = `
Array [
  Object {
    "id": "0",
    "name": "January",
  },
  Object {
    "id": "1",
    "name": "February",
  },
]
`;
